 ****** HSPICE -- D-2010.03-SP1 32-BIT (May 26 2010) winnt ******               
  Copyright (C) 2010 Synopsys, Inc. All Rights Reserved.                        
  Unpublished-rights reserved under US copyright laws.
  This program is protected by law and is subject to the 
  terms and conditions of the license agreement from Synopsys.
  Use of this program is your acceptance to be bound by the 
  license agreement. HSPICE is the trademark of Synopsys, Inc.
  Input File: c:\users\hwi\desktop\oooo\error_detect.txt                        
  lic:  
  lic: FLEXlm: v8.5b 
  lic: USER:   shayan               HOSTNAME: DESKTOP-UH23RS4 
  lic: HOSTID: "ac220bb2e889 005056c00008 00ffd0c9ff2f 240a64740301 160a64740301
  
  lic: Using FLEXlm license file: 
  lic: 27000@elena 
  lic: Checkout 1 hspice 
  lic: License/Maintenance for hspice will expire on 31-dec-2020/2007.9 
  lic: NODE LOCKED license on hostid "ac220bb2e889 005056c00008 00ffd0c9ff2f 240
 a
  lic:   
 Init: read install configuration file: C:\synopsys\Hspice_D-2010.03-SP1\meta.cfg
  **warning** (c:\users\hwi\desktop\oooo\error_detect.txt:228) Both nodes of element vss are connected together; Line ignored.
  **info** (c:\users\hwi\desktop\oooo\error_detect.txt:229) DC voltage reset to initial transient source value              in source        0:vin                 new dc=  0.0000D+00
 Warning:  Acde = 1 may be too small in BSIM4 model nmos with w=3.2e-008 l=3.2e-008.

 Warning: (B1 + Weff) may be too small in BSIM4 model nmos with w=3.2e-008 l=3.2e-008.

 Warning:  Acde = 1 may be too small in BSIM4 model nmos with w=6.4e-008 l=3.2e-008.

 Warning: (B1 + Weff) may be too small in BSIM4 model nmos with w=6.4e-008 l=3.2e-008.

 Warning:  Acde = 1 may be too small in BSIM4 model pmos with w=5.5e-008 l=3.2e-008.

 Warning: (B1 + Weff) may be too small in BSIM4 model pmos with w=5.5e-008 l=3.2e-008.

 Warning:  Acde = 1 may be too small in BSIM4 model pmos with w=1.28e-007 l=3.2e-008.

 Warning:  Acde = 1 may be too small in BSIM4 model pmos with w=1.1e-007 l=3.2e-008.

 
  **warning** (c:\users\hwi\desktop\oooo\error_detect.txt:213) Only 1 connection at node ld called in element mn15d.
      
 **info** set option symb=1 internally to help for convergence.
 *****************************************************************
 ******  option summary
 ******
 runlvl  = 3         bypass  = 2         
1****** HSPICE -- D-2010.03-SP1 32-BIT (May 26 2010) winnt ******               
 ******  
 

  ******  operating point information tnom=  25.000 temp=  25.000 *****
 ***** operating point status is voltage   simulation time is     0.     
    node    =voltage      node    =voltage      node    =voltage

 +0:d       =   0.      0:dm      = 104.5305m 0:dm2     = 340.8076m
 +0:dml     = 340.8066m 0:ld      =  12.0770n 0:lu      = 779.0475m
 +0:m       = 899.9896m 0:oinv1   = 899.9893m 0:oinv2   =   7.8594u
 +0:oinv3   = 441.9969m 0:otg1    = 899.9884m 0:otg2    = 445.9636m
 +0:out     =  69.0280m 0:phi     =   0.      0:phib    = 900.0000m
 +0:q       = 459.9618m 0:qinv    = 441.9969m 0:ql      = 441.9983m
 +0:rd      =  27.7659m 0:ru      = 787.3170m 0:um      = 900.0000m
 +0:um2     = 571.6621m 0:uml     = 571.6611m 0:vdd     = 900.0000m
 +0:x       = 445.9632m 0:y       = 441.9984m

 ******  
 

  ******  transient analysis tnom=  25.000 temp=  25.000 *****
   tcq=  8.0720E-09  targ=  8.2720E-09   trig=  2.0000E-10

          ***** job concluded
1****** HSPICE -- D-2010.03-SP1 32-BIT (May 26 2010) winnt ******               
 ******  
 

  ******  job statistics summary tnom=  25.000 temp=  25.000 *****

  ******  HSPICE Threads Information  ******

  Command Line Threads Count                  :     1
  Available CPU Count                         :     4
  Actual Model Evaluation(Load) Threads Count :     1
  Actual Solver Threads Count                 :     1


  ******  Circuit Statistics  ******
  # nodes       =     195 # elements   =      46
  # resistors   =       0 # capacitors =       0 # inductors   =       0
  # mutual_inds =       0 # vccs       =       0 # vcvs        =       0
  # cccs        =       0 # ccvs       =       0 # volt_srcs   =       4
  # curr_srcs   =       0 # diodes     =       0 # bjts        =       0
  # jfets       =       0 # mosfets    =      42 # U elements  =       0
  # T elements  =       0 # W elements =       0 # B elements  =       0
  # S elements  =       0 # P elements =       0 # va device   =       0


  ******  Runtime Statistics (seconds)  ******

  analysis           time    # points   tot. iter  conv.iter
  op point           0.02           1          11
  transient          1.09         101        5527        1841 rev=       195
  readin             0.11
  errchk             0.02
  setup              0.03
  output             0.00


           total memory used          487  kbytes
           total cpu time            1.32 seconds
           total elapsed time        1.41 seconds
           job started at     09:34:05 02/03/2010
           job ended   at     09:34:07 02/03/2010


  lic: Release hspice token(s) 
