 ****** HSPICE -- D-2010.03-SP1 32-BIT (May 26 2010) winnt ******               
  Copyright (C) 2010 Synopsys, Inc. All Rights Reserved.                        
  Unpublished-rights reserved under US copyright laws.
  This program is protected by law and is subject to the 
  terms and conditions of the license agreement from Synopsys.
  Use of this program is your acceptance to be bound by the 
  license agreement. HSPICE is the trademark of Synopsys, Inc.
  Input File: c:\users\hwi\desktop\oooo\latch.txt                               
  lic:  
  lic: FLEXlm: v8.5b 
  lic: USER:   shayan               HOSTNAME: DESKTOP-UH23RS4 
  lic: HOSTID: "ac220bb2e889 005056c00008 00ffd0c9ff2f 240a64740301 160a64740301
  
  lic: Using FLEXlm license file: 
  lic: 27000@elena 
  lic: Checkout 1 hspice 
  lic: License/Maintenance for hspice will expire on 31-dec-2020/2007.9 
  lic: NODE LOCKED license on hostid "ac220bb2e889 005056c00008 00ffd0c9ff2f 240
 a
  lic:   
 Init: read install configuration file: C:\synopsys\Hspice_D-2010.03-SP1\meta.cfg
  **warning** (c:\users\hwi\desktop\oooo\latch.txt:5) Both nodes of element vgnd are connected together; Line ignored.
  **info** (c:\users\hwi\desktop\oooo\latch.txt:6) DC voltage reset to initial transient source value              in source        0:vin                 new dc=  0.0000D+00
 Warning:  Acde = 1 may be too small in BSIM4 model nmos with w=3.2e-008 l=3.2e-008.

 Warning: (B1 + Weff) may be too small in BSIM4 model nmos with w=3.2e-008 l=3.2e-008.

 Warning:  Acde = 1 may be too small in BSIM4 model nmos with w=6.4e-008 l=3.2e-008.

 Warning: (B1 + Weff) may be too small in BSIM4 model nmos with w=6.4e-008 l=3.2e-008.

 Warning:  Acde = 1 may be too small in BSIM4 model pmos with w=6.4e-008 l=3.2e-008.

 Warning: (B1 + Weff) may be too small in BSIM4 model pmos with w=6.4e-008 l=3.2e-008.

 Warning:  Acde = 1 may be too small in BSIM4 model pmos with w=1.28e-007 l=3.2e-008.

 
      
 **info** set option symb=1 internally to help for convergence.
 *****************************************************************
 ******  option summary
 ******
 runlvl  = 3         bypass  = 2         
 ******  
 

  ******  dc transfer curves tnom=  25.000 temp=  25.000 *****
   vil= failed
   vih= failed
   vol= failed
   voh= failed
1****** HSPICE -- D-2010.03-SP1 32-BIT (May 26 2010) winnt ******               
 ******  
 

  ******  operating point information tnom=  25.000 temp=  25.000 *****
 ***** operating point status is voltage   simulation time is     0.     
    node    =voltage      node    =voltage      node    =voltage

 +0:d       =   0.      0:dn      = 342.1362m 0:out1    = 899.9912m
 +0:out2    = 452.4063m 0:out3    = 441.6814m 0:phi     =   0.     
 +0:phib    = 900.0000m 0:q       = 441.6814m 0:un      = 573.1606m
 +0:vdd     = 900.0000m

 ******  
 

  ******  transient analysis tnom=  25.000 temp=  25.000 *****
   tcq=  2.5055E-09  targ=  2.5105E-09   trig=  5.0000E-12
   tdq=  1.9748E-11  targ=  2.5105E-09   trig=  2.4908E-09

          ***** job concluded
1****** HSPICE -- D-2010.03-SP1 32-BIT (May 26 2010) winnt ******               
 ******  
 

  ******  job statistics summary tnom=  25.000 temp=  25.000 *****

  ******  HSPICE Threads Information  ******

  Command Line Threads Count                  :     1
  Available CPU Count                         :     4
  Actual Model Evaluation(Load) Threads Count :     1
  Actual Solver Threads Count                 :     1


  ******  Circuit Statistics  ******
  # nodes       =      59 # elements   =      16
  # resistors   =       0 # capacitors =       0 # inductors   =       0
  # mutual_inds =       0 # vccs       =       0 # vcvs        =       0
  # cccs        =       0 # ccvs       =       0 # volt_srcs   =       4
  # curr_srcs   =       0 # diodes     =       0 # bjts        =       0
  # jfets       =       0 # mosfets    =      12 # U elements  =       0
  # T elements  =       0 # W elements =       0 # B elements  =       0
  # S elements  =       0 # P elements =       0 # va device   =       0


  ******  Runtime Statistics (seconds)  ******

  analysis           time    # points   tot. iter  conv.iter
  op point           0.02           1           9
  dc sweep           0.16         901        1809
  transient          2.06         101       25889       10162 rev=       548
  readin             0.09
  errchk             0.02
  setup              0.03
  output             0.00


           total memory used          244  kbytes
           total cpu time            2.42 seconds
           total elapsed time        2.51 seconds
           job started at     15:23:13 02/02/2010
           job ended   at     15:23:15 02/02/2010


  lic: Release hspice token(s) 
