 ****** HSPICE -- D-2010.03-SP1 32-BIT (May 26 2010) winnt ******               
  Copyright (C) 2010 Synopsys, Inc. All Rights Reserved.                        
  Unpublished-rights reserved under US copyright laws.
  This program is protected by law and is subject to the 
  terms and conditions of the license agreement from Synopsys.
  Use of this program is your acceptance to be bound by the 
  license agreement. HSPICE is the trademark of Synopsys, Inc.
  Input File: c:\users\hwi\desktop\oooo\xor.txt                                 
  lic:  
  lic: FLEXlm: v8.5b 
  lic: USER:   shayan               HOSTNAME: DESKTOP-UH23RS4 
  lic: HOSTID: "ac220bb2e889 005056c00008 00ffd0c9ff2f 240a64740301 160a64740301
  
  lic: Using FLEXlm license file: 
  lic: 27000@elena 
  lic: Checkout 1 hspice 
  lic: License/Maintenance for hspice will expire on 31-dec-2020/2007.9 
  lic: NODE LOCKED license on hostid "ac220bb2e889 005056c00008 00ffd0c9ff2f 240
 a
  lic:   
 Init: read install configuration file: C:\synopsys\Hspice_D-2010.03-SP1\meta.cfg
  **warning** (c:\users\hwi\desktop\oooo\xor.txt:183) Both nodes of element vss are connected together; Line ignored.
  **info** (c:\users\hwi\desktop\oooo\xor.txt:184) DC voltage reset to initial transient source value              in source        0:vin                 new dc=  0.0000D+00
 Warning:  Acde = 1 may be too small in BSIM4 model nmos with w=6.4e-008 l=3.2e-008.

 Warning: (B1 + Weff) may be too small in BSIM4 model nmos with w=6.4e-008 l=3.2e-008.

 Warning:  Acde = 1 may be too small in BSIM4 model pmos with w=1.28e-007 l=3.2e-008.

  **warning** (c:\users\hwi\desktop\oooo\xor.txt:193) Unable to find referenced node phi; Output variable ignored. Specify a valid node.
 

 **warning** the following singular supplies were terminated to 1 meg resistor 
   supply       node1            node2
  vin                     0:d                defined in subckt 0                     0:0                defined in subckt 0               
      
 **info** set option symb=1 internally to help for convergence.
 *****************************************************************
 ******  option summary
 ******
 runlvl  = 3         bypass  = 2         
1****** HSPICE -- D-2010.03-SP1 32-BIT (May 26 2010) winnt ******               
 ******  
 

  ******  operating point information tnom=  25.000 temp=  25.000 *****
 ***** operating point status is voltage   simulation time is     0.     
    node    =voltage      node    =voltage      node    =voltage

 +0:a       =   0.      0:a_bar   = 900.0000m 0:b       =   0.     
 +0:b_bar   = 900.0000m 0:d       =   0.      0:ld      =  10.1876u
 +0:lu      = 899.9918m 0:out     =  20.2486u 0:rd      =  10.1097u
 +0:ru      = 229.6587m 0:vdd     = 900.0000m

 ******  
 

  ******  transient analysis tnom=  25.000 temp=  25.000 *****
  **warning** (c:\users\hwi\desktop\oooo\xor.txt:193) .MEASURE  tcq never reached the trigger value, Measurement failed!
  **warning** (c:\users\hwi\desktop\oooo\xor.txt:193) .MEASURE  tcq never reached the target value, Measurement failed!
  **warning** (c:\users\hwi\desktop\oooo\xor.txt:193) Trigger event is undefined. Please specify a valid event. Measure failed.

          ***** job concluded
1****** HSPICE -- D-2010.03-SP1 32-BIT (May 26 2010) winnt ******               
 ******  
 

  ******  job statistics summary tnom=  25.000 temp=  25.000 *****

  ******  HSPICE Threads Information  ******

  Command Line Threads Count                  :     1
  Available CPU Count                         :     4
  Actual Model Evaluation(Load) Threads Count :     1
  Actual Solver Threads Count                 :     1


  ******  Circuit Statistics  ******
  # nodes       =      44 # elements   =      15
  # resistors   =       1 # capacitors =       0 # inductors   =       0
  # mutual_inds =       0 # vccs       =       0 # vcvs        =       0
  # cccs        =       0 # ccvs       =       0 # volt_srcs   =       6
  # curr_srcs   =       0 # diodes     =       0 # bjts        =       0
  # jfets       =       0 # mosfets    =       8 # U elements  =       0
  # T elements  =       0 # W elements =       0 # B elements  =       0
  # S elements  =       0 # P elements =       0 # va device   =       0


  ******  Runtime Statistics (seconds)  ******

  analysis           time    # points   tot. iter  conv.iter
  op point           0.01           1           9
  transient          0.13       10001        1296         485 rev=        38
  readin             0.10
  errchk             0.02
  setup              0.03
  output             0.00


           total memory used          198  kbytes
           total cpu time            0.35 seconds
           total elapsed time        0.43 seconds
           job started at     12:38:46 02/02/2010
           job ended   at     12:38:46 02/02/2010


  lic: Release hspice token(s) 
